--------------------------------------------------------------------------------------
Timing Analyzer Summary
--------------------------------------------------------------------------------------

Type           : Worst-case tco
Slack          : N/A
Required Time  : None
Actual Time    : 16.711 ns
From           : Mux3:SrcA|selected[21]
To             : SRCAOUTPUT[21]
From Clock     : Clock
To Clock       : --
Failed Paths   : 0

Type           : Clock Setup: 'Clock'
Slack          : N/A
Required Time  : None
Actual Time    : 19.11 MHz ( period = 52.334 ns )
From           : Mux3:SrcA|selected[0]
To             : Registrador:EPC|Saida[31]
From Clock     : Clock
To Clock       : Clock
Failed Paths   : 0

Type           : Clock Hold: 'Clock'
Slack          : Not operational: Clock Skew > Data Delay
Required Time  : None
Actual Time    : N/A
From           : Registrador:RegB|Saida[2]
To             : Store_Control:inst4|toMemory[2]
From Clock     : Clock
To Clock       : Clock
Failed Paths   : 368

Type           : Total number of failed paths
Slack          : 
Required Time  : 
Actual Time    : 
From           : 
To             : 
From Clock     : 
To Clock       : 
Failed Paths   : 368

--------------------------------------------------------------------------------------

